// Jest Snapshot v1, https://goo.gl/fbAQLP

exports[`renders ScreenTabBase story 1`] = `
<View
  style={
    [
      {
        "flexBasis": 0,
        "flexGrow": 1,
        "flexShrink": 1,
        "justifyContent": "center",
      },
    ]
  }
>
  <Text
    style={
      [
        {
          "textAlign": "center",
        },
      ]
    }
  >
    Tab screen
  </Text>
  <View
    style={
      [
        {
          "backgroundColor": "#34C759",
          "borderColor": "",
          "borderRadius": 16,
          "borderWidth": 0,
          "gap": 0,
          "height": 50,
          "left": 26,
          "paddingBottom": 0,
          "paddingLeft": 0,
          "paddingRight": 0,
          "paddingTop": 0,
          "top": 100,
          "width": 323,
        },
        {
          "marginTop": 20,
        },
      ]
    }
    variant="large"
  >
    <RNGestureHandlerButton
      activeOpacity={0.105}
      collapsable={false}
      delayLongPress={600}
      enabled={true}
      handlerTag={1}
      handlerType="NativeViewGestureHandler"
      onActiveStateChange={[Function]}
      onGestureEvent={[Function]}
      onGestureHandlerEvent={[Function]}
      onGestureHandlerStateChange={[Function]}
      onHandlerStateChange={[Function]}
      onPress={[Function]}
      style={
        {
          "alignItems": "center",
          "borderRadius": 16,
          "height": 48,
          "justifyContent": "center",
        }
      }
      testID="logout_button"
      underlayColor="black"
    >
      <View
        collapsable={false}
        style={
          {
            "backgroundColor": "black",
            "borderBottomLeftRadius": undefined,
            "borderBottomRightRadius": undefined,
            "borderRadius": 16,
            "borderTopLeftRadius": undefined,
            "borderTopRightRadius": undefined,
            "bottom": 0,
            "left": 0,
            "opacity": 0,
            "position": "absolute",
            "right": 0,
            "top": 0,
          }
        }
      />
      <Text
        buttonVariant="large"
        style={
          [
            {
              "color": "#081F32",
            },
            {
              "fontFamily": undefined,
            },
            [
              {
                "fontSize": 17,
                "fontWeight": "600",
                "letterSpacing": -0.41,
                "lineHeight": 22,
              },
            ],
          ]
        }
      >
        Fake logout
      </Text>
    </RNGestureHandlerButton>
  </View>
</View>
`;
