// Jest Snapshot v1, https://goo.gl/fbAQLP

exports[`renders ScreenMainBase story 1`] = `
<View
  style={
    [
      {
        "alignItems": "center",
        "backgroundColor": "#081F32",
        "flexBasis": 0,
        "flexGrow": 1,
        "flexShrink": 1,
        "paddingBottom": 20,
        "paddingLeft": 20,
        "paddingRight": 20,
        "paddingTop": 20,
      },
    ]
  }
>
  <View
    style={
      [
        {
          "alignItems": "center",
          "justifyContent": "center",
          "paddingTop": 66,
        },
      ]
    }
  >
    <Image
      source={
        {
          "default": "",
        }
      }
      style={
        {
          "height": 51,
          "resizeMode": "contain",
          "width": 250,
        }
      }
    />
    <Image
      source={
        {
          "default": "",
        }
      }
      style={
        {
          "height": 136,
          "resizeMode": "contain",
          "width": 452,
        }
      }
    />
    <Text
      style={
        [
          {
            "color": "#081F32",
            "fontFamily": "Roboto-Bold",
            "fontSize": 22,
            "letterSpacing": 0.35,
            "lineHeight": 28,
          },
          {},
          {
            "color": "#FFFFFF",
            "paddingTop": 45,
          },
        ]
      }
      testID="text"
      variant="headline3-bold"
    >
      Welcome
    </Text>
    <Text
      style={
        [
          {
            "color": "#081F32",
            "fontFamily": "Roboto-Regular",
            "fontSize": 17,
            "letterSpacing": -0.41,
            "lineHeight": 22,
          },
          {},
          {
            "color": "#FFFFFF",
            "paddingTop": 5,
            "textAlign": "center",
          },
        ]
      }
      testID="text"
      variant="body17"
    >
      In this test, we will assess your ability to build the application through code analysis and reproduction of the following layout.
    </Text>
    <View
      style={
        [
          {
            "paddingTop": 150,
          },
        ]
      }
    >
      <View
        style={
          [
            {
              "backgroundColor": "#081F32",
              "borderColor": "#34C759",
              "borderRadius": 16,
              "borderWidth": 2,
              "height": 50,
              "width": 323,
            },
            {
              "margin": 10,
            },
          ]
        }
        variant="large-dark"
      >
        <RNGestureHandlerButton
          activeOpacity={0.105}
          collapsable={false}
          delayLongPress={600}
          enabled={false}
          handlerTag={1}
          handlerType="NativeViewGestureHandler"
          onActiveStateChange={[Function]}
          onGestureEvent={[Function]}
          onGestureHandlerEvent={[Function]}
          onGestureHandlerStateChange={[Function]}
          onHandlerStateChange={[Function]}
          style={
            {
              "alignItems": "center",
              "borderRadius": 16,
              "height": 50,
              "justifyContent": "center",
            }
          }
          underlayColor="black"
          variant="large-dark"
        >
          <View
            collapsable={false}
            style={
              {
                "backgroundColor": "black",
                "borderBottomLeftRadius": undefined,
                "borderBottomRightRadius": undefined,
                "borderRadius": 16,
                "borderTopLeftRadius": undefined,
                "borderTopRightRadius": undefined,
                "bottom": 0,
                "left": 0,
                "opacity": 0,
                "position": "absolute",
                "right": 0,
                "top": 0,
              }
            }
          />
          <Text
            buttonVariant="large-dark"
            style={
              [
                {
                  "color": "#081F32",
                  "fontFamily": "Roboto-Medium",
                  "fontSize": 17,
                  "letterSpacing": -0.41,
                  "lineHeight": 22,
                },
                {},
                [
                  {
                    "color": "#34C759",
                  },
                ],
              ]
            }
            variant="body17-semibold"
          >
            GET THE INSTRUCTIONS
          </Text>
        </RNGestureHandlerButton>
      </View>
      <View
        style={
          [
            {
              "backgroundColor": "#34C759",
              "borderColor": "#34C759",
              "borderRadius": 16,
              "borderWidth": 0,
              "height": 50,
              "width": 323,
            },
            {
              "margin": 10,
            },
          ]
        }
        variant="large"
      >
        <RNGestureHandlerButton
          activeOpacity={0.105}
          collapsable={false}
          delayLongPress={600}
          enabled={false}
          handlerTag={2}
          handlerType="NativeViewGestureHandler"
          onActiveStateChange={[Function]}
          onGestureEvent={[Function]}
          onGestureHandlerEvent={[Function]}
          onGestureHandlerStateChange={[Function]}
          onHandlerStateChange={[Function]}
          style={
            {
              "alignItems": "center",
              "borderRadius": 16,
              "height": 50,
              "justifyContent": "center",
            }
          }
          underlayColor="black"
          variant="large"
        >
          <View
            collapsable={false}
            style={
              {
                "backgroundColor": "black",
                "borderBottomLeftRadius": undefined,
                "borderBottomRightRadius": undefined,
                "borderRadius": 16,
                "borderTopLeftRadius": undefined,
                "borderTopRightRadius": undefined,
                "bottom": 0,
                "left": 0,
                "opacity": 0,
                "position": "absolute",
                "right": 0,
                "top": 0,
              }
            }
          />
          <Text
            buttonVariant="large"
            style={
              [
                {
                  "color": "#081F32",
                  "fontFamily": "Roboto-Medium",
                  "fontSize": 17,
                  "letterSpacing": -0.41,
                  "lineHeight": 22,
                },
                {},
                [
                  {
                    "color": "#081F32",
                  },
                ],
              ]
            }
            variant="body17-semibold"
          >
            START PROTOTYPE
          </Text>
        </RNGestureHandlerButton>
      </View>
    </View>
  </View>
</View>
`;
