// Jest Snapshot v1, https://goo.gl/fbAQLP

exports[`renders Filter_Selector story 1`] = `
<View
  style={
    [
      {
        "flexDirection": "column",
      },
    ]
  }
>
  <Text
    style={
      [
        {
          "color": "#081F32",
          "fontFamily": "Roboto-Medium",
          "fontSize": 15,
          "letterSpacing": -0.24,
          "lineHeight": 20,
        },
        {},
        [
          {
            "color": "#8E8E93",
            "marginBottom": 10,
            "marginLeft": 15,
          },
        ],
      ]
    }
    variant="body15-semibold"
  />
  <View
    style={
      [
        {
          "backgroundColor": "#D1D1D6",
          "height": 1,
        },
        {
          "alignSelf": "flex-end",
        },
      ]
    }
  />
  <View
    style={
      [
        {
          "alignItems": "center",
          "flexDirection": "row",
          "height": 44,
          "paddingLeft": 18,
          "paddingRight": 18,
          "width": "100%",
        },
      ]
    }
  >
    <View
      style={
        [
          {
            "alignItems": "flex-start",
            "marginLeft": 5,
          },
        ]
      }
    >
      <RNGestureHandlerButton
        collapsable={false}
        delayLongPress={600}
        enabled={true}
        exclusive={true}
        handlerTag={1}
        handlerType="NativeViewGestureHandler"
        onGestureEvent={[Function]}
        onGestureHandlerEvent={[Function]}
        onGestureHandlerStateChange={[Function]}
        onHandlerStateChange={[Function]}
        rippleColor={0}
        touchSoundDisabled={false}
      >
        <View
          accessible={true}
          collapsable={false}
          style={
            {
              "opacity": 1,
            }
          }
        >
          <View
            accessibilityState={
              {
                "busy": undefined,
                "checked": undefined,
                "disabled": undefined,
                "expanded": undefined,
                "selected": undefined,
              }
            }
            accessibilityValue={
              {
                "max": undefined,
                "min": undefined,
                "now": undefined,
                "text": undefined,
              }
            }
            accessible={true}
            collapsable={false}
            focusable={true}
            onClick={[Function]}
            onResponderGrant={[Function]}
            onResponderMove={[Function]}
            onResponderRelease={[Function]}
            onResponderTerminate={[Function]}
            onResponderTerminationRequest={[Function]}
            onStartShouldSetResponder={[Function]}
            style={
              {
                "opacity": 1,
              }
            }
          >
            <View
              style={
                [
                  {
                    "alignItems": "center",
                    "borderColor": "#C7C7CC",
                    "borderRadius": 12,
                    "borderWidth": 1,
                    "height": 24,
                    "justifyContent": "center",
                    "width": 24,
                  },
                  undefined,
                ]
              }
            />
          </View>
        </View>
      </RNGestureHandlerButton>
    </View>
    <Text
      style={
        [
          {
            "color": "#081F32",
            "fontFamily": "Roboto-Regular",
            "fontSize": 17,
            "letterSpacing": -0.41,
            "lineHeight": 22,
          },
          {},
          [
            {
              "marginLeft": 15,
            },
          ],
        ]
      }
      variant="body17"
    >
      Give a name
    </Text>
  </View>
  <View
    style={
      [
        {
          "backgroundColor": "#D1D1D6",
          "height": 1,
        },
        {
          "alignSelf": "flex-end",
          "width": 330,
        },
      ]
    }
  />
</View>
`;
