// Jest Snapshot v1, https://goo.gl/fbAQLP

exports[`renders ScreenTabBase story 1`] = `
<View
  style={
    [
      {
        "flexBasis": 0,
        "flexGrow": 1,
        "flexShrink": 1,
        "justifyContent": "center",
      },
    ]
  }
>
  <Text
    style={
      [
        {
          "color": "#081F32",
          "fontFamily": "Roboto-Bold",
          "fontSize": 40,
          "letterSpacing": 0.41,
          "lineHeight": 48,
        },
        {},
        [
          {
            "color": "#5856D6",
          },
        ],
      ]
    }
    variant="headline1"
  >
    Ta screen
  </Text>
  <View
    style={
      [
        {
          "backgroundColor": "",
          "borderRadius": 16,
        },
        {
          "marginTop": 20,
        },
      ]
    }
    variant="primary"
  >
    <RNGestureHandlerButton
      activeOpacity={0.105}
      collapsable={false}
      delayLongPress={600}
      enabled={true}
      handlerTag={1}
      handlerType="NativeViewGestureHandler"
      onActiveStateChange={[Function]}
      onGestureEvent={[Function]}
      onGestureHandlerEvent={[Function]}
      onGestureHandlerStateChange={[Function]}
      onHandlerStateChange={[Function]}
      onPress={[Function]}
      style={
        {
          "alignItems": "center",
          "borderRadius": 16,
          "height": 48,
          "justifyContent": "center",
        }
      }
      testID="logout_button"
      underlayColor="black"
    >
      <View
        collapsable={false}
        style={
          {
            "backgroundColor": "black",
            "borderBottomLeftRadius": undefined,
            "borderBottomRightRadius": undefined,
            "borderRadius": 16,
            "borderTopLeftRadius": undefined,
            "borderTopRightRadius": undefined,
            "bottom": 0,
            "left": 0,
            "opacity": 0,
            "position": "absolute",
            "right": 0,
            "top": 0,
          }
        }
      />
      <Text
        style={
          [
            {
              "color": "#081F32",
            },
            {},
            [
              {
                "color": "#FFFFFF",
              },
            ],
          ]
        }
        variant="primary"
      >
        Fake logout
      </Text>
    </RNGestureHandlerButton>
  </View>
</View>
`;
