// Jest Snapshot v1, https://goo.gl/fbAQLP

exports[`renders Unchecked story 1`] = `
<View
  accessibilityState={
    {
      "busy": undefined,
      "checked": undefined,
      "disabled": undefined,
      "expanded": undefined,
      "selected": undefined,
    }
  }
  accessibilityValue={
    {
      "max": undefined,
      "min": undefined,
      "now": undefined,
      "text": undefined,
    }
  }
  accessible={true}
  collapsable={false}
  focusable={true}
  onClick={[Function]}
  onResponderGrant={[Function]}
  onResponderMove={[Function]}
  onResponderRelease={[Function]}
  onResponderTerminate={[Function]}
  onResponderTerminationRequest={[Function]}
  onStartShouldSetResponder={[Function]}
  style={
    {
      "opacity": 1,
    }
  }
>
  <View
    style={
      [
        {
          "alignItems": "center",
          "borderColor": "#C7C7CC",
          "borderRadius": 12,
          "borderWidth": 1,
          "height": 24,
          "justifyContent": "center",
          "width": 24,
        },
        false,
      ]
    }
  />
</View>
`;
